../Core/Inc/asc712.h:20:6:survey_adc1_channel_IN0	32	static
../Core/Inc/asc712.h:31:6:survey_adc1_channel_IN1	32	static
../Core/Inc/asc712.h:42:6:survey_adc1_channel_IN2	32	static
../Core/Inc/asc712.h:53:6:survey_adc1_channel_IN3	32	static
../Core/Inc/asc712.h:64:6:survey_adc2_channel_IN4	32	static
../Core/Inc/asc712.h:75:6:survey_adc2_channel_IN5	32	static
../Core/Inc/asc712.h:86:6:survey_adc2_channel_IN6	32	static
../Core/Inc/asc712.h:97:6:survey_adc2_channel_IN7	32	static
../Core/Inc/asc712.h:108:6:survey_adc2_channel_IN8	32	static
../Core/Src/main.c:65:5:main	8	static
../Core/Src/main.c:119:6:SystemClock_Config	88	static
../Core/Src/main.c:169:6:Error_Handler	4	static,ignoring_inline_asm
